// Jest Snapshot v1, https://goo.gl/fbAQLP

exports[`<Base /> should render 1`] = `
<div>
  <button
    aria-label="Open/Close menu"
    class="sc-jqUVSM eWDHFI"
  >
    <svg
      aria-hidden="true"
      aria-label="Open menu"
      class="StyledIconBase-ea9ulj-0 lbJwfL"
      fill="currentColor"
      focusable="false"
      viewBox="0 0 24 24"
      xmlns="http://www.w3.org/2000/svg"
    >
      <path
        d="M0 0h24v24H0V0z"
        fill="none"
      />
      <path
        d="M3 18h18v-2H3v2zm0-5h18v-2H3v2zm0-7v2h18V6H3z"
      />
    </svg>
  </button>
  <div
    class="sc-ftvSup dnLJaK"
  >
    <div
      class="sc-jSMfEi dRbZhr"
    >
      <div
        class="sc-papXJ eIiUmt"
      >
        <h2
          class="sc-bczRLJ kukvte"
        >
          <a
            class="sc-kDDrLX egbyVN"
            href="#"
          >
            Logo
          </a>
        </h2>
        <nav
          class="sc-iqcoie gVkxmo"
        >
          <a
            class="sc-crXcEl cxixyS"
            href="#target1"
            target="_self"
          >
            link 1
          </a>
          <a
            class="sc-crXcEl cxixyS"
            href="#target2"
            target="_self"
          >
            link 2
          </a>
          <a
            class="sc-crXcEl cxixyS"
            href="#target3"
            target="_self"
          >
            link 3
          </a>
          <a
            class="sc-crXcEl cxixyS"
            href="#target4"
            target="_self"
          >
            link 4
          </a>
          <a
            class="sc-crXcEl cxixyS"
            href="#target5"
            target="_self"
          >
            link 5
          </a>
          <a
            class="sc-crXcEl cxixyS"
            href="#target6"
            target="_self"
          >
            link 6
          </a>
          <a
            class="sc-crXcEl cxixyS"
            href="#target7"
            target="_self"
          >
            link 7
          </a>
          <a
            class="sc-crXcEl cxixyS"
            href="#target8"
            target="_self"
          >
            link 8
          </a>
          <a
            class="sc-crXcEl cxixyS"
            href="#target9"
            target="_self"
          >
            link 9
          </a>
          <a
            class="sc-crXcEl cxixyS"
            href="#target10"
            target="_self"
          >
            link 10
          </a>
        </nav>
      </div>
    </div>
  </div>
  <div
    class="sc-iBkjds lobcSh"
  >
    <div
      class="sc-gKXOVf dOsZSp"
      id=""
    >
      <div
        class="sc-jSMfEi dRbZhr"
      >
        <div
          class="sc-dkzDqf heXQUQ"
        >
          <h2
            class="sc-bczRLJ kSKtEH"
          >
            My grid
          </h2>
          <div
            class="sc-gsnTZi fSQKXd"
          >
            Atque doloribus nobis laudantium esse ut, non commodi maxime distinctio veritatis unde
          </div>
          <div
            class="sc-hKMtZM lkscSh"
          >
            <div
              class="sc-eCYdqJ lluHNs"
            >
              <h3
                class="sc-bczRLJ llKdEO"
              >
                Teste 1
              </h3>
              <div
                class="sc-gsnTZi fSQKXd"
              >
                Lorem ipsum dolor sit, amet consectetur adipisicing elit. Debitis cum delectus molestias. Atque doloribus nobis laudantium esse ut, non commodi maxime distinctio veritatis unde, reprehenderit minus ad dolores provident maiores.
              </div>
            </div>
            <div
              class="sc-eCYdqJ lluHNs"
            >
              <h3
                class="sc-bczRLJ llKdEO"
              >
                Teste 2
              </h3>
              <div
                class="sc-gsnTZi fSQKXd"
              >
                Lorem ipsum dolor sit, amet consectetur adipisicing elit. Debitis cum delectus molestias. Atque doloribus nobis laudantium esse ut, non commodi maxime distinctio veritatis unde, reprehenderit minus ad dolores provident maiores.
              </div>
            </div>
            <div
              class="sc-eCYdqJ lluHNs"
            >
              <h3
                class="sc-bczRLJ llKdEO"
              >
                Teste 3
              </h3>
              <div
                class="sc-gsnTZi fSQKXd"
              >
                Lorem ipsum dolor sit, amet consectetur adipisicing elit. Debitis cum delectus molestias. Atque doloribus nobis laudantium esse ut, non commodi maxime distinctio veritatis unde, reprehenderit minus ad dolores provident maiores.
              </div>
            </div>
          </div>
        </div>
      </div>
    </div>
    <div
      class="sc-gKXOVf hMKDKT"
      id=""
    >
      <div
        class="sc-jSMfEi dRbZhr"
      >
        <div
          class="sc-dkzDqf heXQUQ"
        >
          <h2
            class="sc-bczRLJ itwqPE"
          >
            My grid
          </h2>
          <div
            class="sc-gsnTZi fSQKXd"
          >
            Atque doloribus nobis laudantium esse ut, non commodi maxime distinctio veritatis unde
          </div>
          <div
            class="sc-hKMtZM lkscSh"
          >
            <div
              class="sc-eCYdqJ lluHNs"
            >
              <h3
                class="sc-bczRLJ fnHBwd"
              >
                Teste 1
              </h3>
              <div
                class="sc-gsnTZi fSQKXd"
              >
                Lorem ipsum dolor sit, amet consectetur adipisicing elit. Debitis cum delectus molestias. Atque doloribus nobis laudantium esse ut, non commodi maxime distinctio veritatis unde, reprehenderit minus ad dolores provident maiores.
              </div>
            </div>
            <div
              class="sc-eCYdqJ lluHNs"
            >
              <h3
                class="sc-bczRLJ fnHBwd"
              >
                Teste 2
              </h3>
              <div
                class="sc-gsnTZi fSQKXd"
              >
                Lorem ipsum dolor sit, amet consectetur adipisicing elit. Debitis cum delectus molestias. Atque doloribus nobis laudantium esse ut, non commodi maxime distinctio veritatis unde, reprehenderit minus ad dolores provident maiores.
              </div>
            </div>
            <div
              class="sc-eCYdqJ lluHNs"
            >
              <h3
                class="sc-bczRLJ fnHBwd"
              >
                Teste 3
              </h3>
              <div
                class="sc-gsnTZi fSQKXd"
              >
                Lorem ipsum dolor sit, amet consectetur adipisicing elit. Debitis cum delectus molestias. Atque doloribus nobis laudantium esse ut, non commodi maxime distinctio veritatis unde, reprehenderit minus ad dolores provident maiores.
              </div>
            </div>
          </div>
        </div>
      </div>
    </div>
    <div
      class="sc-gKXOVf dOsZSp"
      id=""
    >
      <div
        class="sc-jSMfEi dRbZhr"
      >
        <div
          class="sc-dkzDqf heXQUQ"
        >
          <h2
            class="sc-bczRLJ kSKtEH"
          >
            My grid
          </h2>
          <div
            class="sc-gsnTZi fSQKXd"
          >
            Atque doloribus nobis laudantium esse ut, non commodi maxime distinctio veritatis unde
          </div>
          <div
            class="sc-hKMtZM lkscSh"
          >
            <div
              class="sc-eCYdqJ lluHNs"
            >
              <h3
                class="sc-bczRLJ llKdEO"
              >
                Teste 1
              </h3>
              <div
                class="sc-gsnTZi fSQKXd"
              >
                Lorem ipsum dolor sit, amet consectetur adipisicing elit. Debitis cum delectus molestias. Atque doloribus nobis laudantium esse ut, non commodi maxime distinctio veritatis unde, reprehenderit minus ad dolores provident maiores.
              </div>
            </div>
            <div
              class="sc-eCYdqJ lluHNs"
            >
              <h3
                class="sc-bczRLJ llKdEO"
              >
                Teste 2
              </h3>
              <div
                class="sc-gsnTZi fSQKXd"
              >
                Lorem ipsum dolor sit, amet consectetur adipisicing elit. Debitis cum delectus molestias. Atque doloribus nobis laudantium esse ut, non commodi maxime distinctio veritatis unde, reprehenderit minus ad dolores provident maiores.
              </div>
            </div>
            <div
              class="sc-eCYdqJ lluHNs"
            >
              <h3
                class="sc-bczRLJ llKdEO"
              >
                Teste 3
              </h3>
              <div
                class="sc-gsnTZi fSQKXd"
              >
                Lorem ipsum dolor sit, amet consectetur adipisicing elit. Debitis cum delectus molestias. Atque doloribus nobis laudantium esse ut, non commodi maxime distinctio veritatis unde, reprehenderit minus ad dolores provident maiores.
              </div>
            </div>
          </div>
        </div>
      </div>
    </div>
    <div
      class="sc-gKXOVf hMKDKT"
      id=""
    >
      <div
        class="sc-jSMfEi dRbZhr"
      >
        <div
          class="sc-dkzDqf heXQUQ"
        >
          <h2
            class="sc-bczRLJ itwqPE"
          >
            My grid
          </h2>
          <div
            class="sc-gsnTZi fSQKXd"
          >
            Atque doloribus nobis laudantium esse ut, non commodi maxime distinctio veritatis unde
          </div>
          <div
            class="sc-hKMtZM lkscSh"
          >
            <div
              class="sc-eCYdqJ lluHNs"
            >
              <h3
                class="sc-bczRLJ fnHBwd"
              >
                Teste 1
              </h3>
              <div
                class="sc-gsnTZi fSQKXd"
              >
                Lorem ipsum dolor sit, amet consectetur adipisicing elit. Debitis cum delectus molestias. Atque doloribus nobis laudantium esse ut, non commodi maxime distinctio veritatis unde, reprehenderit minus ad dolores provident maiores.
              </div>
            </div>
            <div
              class="sc-eCYdqJ lluHNs"
            >
              <h3
                class="sc-bczRLJ fnHBwd"
              >
                Teste 2
              </h3>
              <div
                class="sc-gsnTZi fSQKXd"
              >
                Lorem ipsum dolor sit, amet consectetur adipisicing elit. Debitis cum delectus molestias. Atque doloribus nobis laudantium esse ut, non commodi maxime distinctio veritatis unde, reprehenderit minus ad dolores provident maiores.
              </div>
            </div>
            <div
              class="sc-eCYdqJ lluHNs"
            >
              <h3
                class="sc-bczRLJ fnHBwd"
              >
                Teste 3
              </h3>
              <div
                class="sc-gsnTZi fSQKXd"
              >
                Lorem ipsum dolor sit, amet consectetur adipisicing elit. Debitis cum delectus molestias. Atque doloribus nobis laudantium esse ut, non commodi maxime distinctio veritatis unde, reprehenderit minus ad dolores provident maiores.
              </div>
            </div>
          </div>
        </div>
      </div>
    </div>
    <div
      class="sc-gKXOVf dOsZSp"
      id=""
    >
      <div
        class="sc-jSMfEi dRbZhr"
      >
        <div
          class="sc-dkzDqf heXQUQ"
        >
          <h2
            class="sc-bczRLJ kSKtEH"
          >
            My grid
          </h2>
          <div
            class="sc-gsnTZi fSQKXd"
          >
            Atque doloribus nobis laudantium esse ut, non commodi maxime distinctio veritatis unde
          </div>
          <div
            class="sc-hKMtZM lkscSh"
          >
            <div
              class="sc-eCYdqJ lluHNs"
            >
              <h3
                class="sc-bczRLJ llKdEO"
              >
                Teste 1
              </h3>
              <div
                class="sc-gsnTZi fSQKXd"
              >
                Lorem ipsum dolor sit, amet consectetur adipisicing elit. Debitis cum delectus molestias. Atque doloribus nobis laudantium esse ut, non commodi maxime distinctio veritatis unde, reprehenderit minus ad dolores provident maiores.
              </div>
            </div>
            <div
              class="sc-eCYdqJ lluHNs"
            >
              <h3
                class="sc-bczRLJ llKdEO"
              >
                Teste 2
              </h3>
              <div
                class="sc-gsnTZi fSQKXd"
              >
                Lorem ipsum dolor sit, amet consectetur adipisicing elit. Debitis cum delectus molestias. Atque doloribus nobis laudantium esse ut, non commodi maxime distinctio veritatis unde, reprehenderit minus ad dolores provident maiores.
              </div>
            </div>
            <div
              class="sc-eCYdqJ lluHNs"
            >
              <h3
                class="sc-bczRLJ llKdEO"
              >
                Teste 3
              </h3>
              <div
                class="sc-gsnTZi fSQKXd"
              >
                Lorem ipsum dolor sit, amet consectetur adipisicing elit. Debitis cum delectus molestias. Atque doloribus nobis laudantium esse ut, non commodi maxime distinctio veritatis unde, reprehenderit minus ad dolores provident maiores.
              </div>
            </div>
          </div>
        </div>
      </div>
    </div>
    <div
      class="sc-gKXOVf hMKDKT"
      id=""
    >
      <div
        class="sc-jSMfEi dRbZhr"
      >
        <div
          class="sc-dkzDqf heXQUQ"
        >
          <h2
            class="sc-bczRLJ itwqPE"
          >
            My grid
          </h2>
          <div
            class="sc-gsnTZi fSQKXd"
          >
            Atque doloribus nobis laudantium esse ut, non commodi maxime distinctio veritatis unde
          </div>
          <div
            class="sc-hKMtZM lkscSh"
          >
            <div
              class="sc-eCYdqJ lluHNs"
            >
              <h3
                class="sc-bczRLJ fnHBwd"
              >
                Teste 1
              </h3>
              <div
                class="sc-gsnTZi fSQKXd"
              >
                Lorem ipsum dolor sit, amet consectetur adipisicing elit. Debitis cum delectus molestias. Atque doloribus nobis laudantium esse ut, non commodi maxime distinctio veritatis unde, reprehenderit minus ad dolores provident maiores.
              </div>
            </div>
            <div
              class="sc-eCYdqJ lluHNs"
            >
              <h3
                class="sc-bczRLJ fnHBwd"
              >
                Teste 2
              </h3>
              <div
                class="sc-gsnTZi fSQKXd"
              >
                Lorem ipsum dolor sit, amet consectetur adipisicing elit. Debitis cum delectus molestias. Atque doloribus nobis laudantium esse ut, non commodi maxime distinctio veritatis unde, reprehenderit minus ad dolores provident maiores.
              </div>
            </div>
            <div
              class="sc-eCYdqJ lluHNs"
            >
              <h3
                class="sc-bczRLJ fnHBwd"
              >
                Teste 3
              </h3>
              <div
                class="sc-gsnTZi fSQKXd"
              >
                Lorem ipsum dolor sit, amet consectetur adipisicing elit. Debitis cum delectus molestias. Atque doloribus nobis laudantium esse ut, non commodi maxime distinctio veritatis unde, reprehenderit minus ad dolores provident maiores.
              </div>
            </div>
          </div>
        </div>
      </div>
    </div>
    <footer
      class="sc-evZas jyzJup"
    >
      <div
        class="sc-jSMfEi dRbZhr"
      >
        <div
          class="sc-gsnTZi fSQKXd"
        >
          <p>
            Teste de footer
          </p>
        </div>
      </div>
    </footer>
  </div>
  <a
    aria-label="Go to top"
    class="sc-breuTD gQRxED"
    href="#"
    title="Go to top"
  >
    <svg
      aria-hidden="true"
      class="StyledIconBase-ea9ulj-0 lbJwfL"
      fill="currentColor"
      focusable="false"
      viewBox="0 0 24 24"
      xmlns="http://www.w3.org/2000/svg"
    >
      <path
        d="M0 0h24v24H0V0z"
        fill="none"
      />
      <path
        d="M7.41 15.41L12 10.83l4.59 4.58L18 14l-6-6-6 6 1.41 1.41z"
      />
    </svg>
  </a>
</div>
`;
