// Jest Snapshot v1, https://goo.gl/fbAQLP

exports[`<GridText/> should render GridText with background 1`] = `
<div>
  <div
    class="sc-gKXOVf joDErG"
    id=""
  >
    <div
      class="sc-jSMfEi dRbZhr"
    >
      <div
        class="sc-dkzDqf hsxRpz"
      >
        <h2
          class="sc-bczRLJ hGDuJC"
        >
          My grid
        </h2>
        <div
          class="sc-gsnTZi gNZDCw"
        >
          Atque doloribus nobis laudantium esse ut, non commodi maxime distinctio veritatis unde
        </div>
        <div
          class="sc-hKMtZM lkscSh"
        >
          <div
            class="sc-eCYdqJ lluHNs"
          >
            <h3
              class="sc-bczRLJ fnHBwd"
            >
              Teste 1
            </h3>
            <div
              class="sc-gsnTZi gNZDCw"
            >
              Lorem ipsum dolor sit, amet consectetur adipisicing elit. Debitis cum delectus molestias. Atque doloribus nobis laudantium esse ut, non commodi maxime distinctio veritatis unde, reprehenderit minus ad dolores provident maiores.
            </div>
          </div>
          <div
            class="sc-eCYdqJ lluHNs"
          >
            <h3
              class="sc-bczRLJ fnHBwd"
            >
              Teste 2
            </h3>
            <div
              class="sc-gsnTZi gNZDCw"
            >
              Lorem ipsum dolor sit, amet consectetur adipisicing elit. Debitis cum delectus molestias. Atque doloribus nobis laudantium esse ut, non commodi maxime distinctio veritatis unde, reprehenderit minus ad dolores provident maiores.
            </div>
          </div>
          <div
            class="sc-eCYdqJ lluHNs"
          >
            <h3
              class="sc-bczRLJ fnHBwd"
            >
              Teste 3
            </h3>
            <div
              class="sc-gsnTZi gNZDCw"
            >
              Lorem ipsum dolor sit, amet consectetur adipisicing elit. Debitis cum delectus molestias. Atque doloribus nobis laudantium esse ut, non commodi maxime distinctio veritatis unde, reprehenderit minus ad dolores provident maiores.
            </div>
          </div>
        </div>
      </div>
    </div>
  </div>
</div>
`;

exports[`<GridText/> should render GridText without background 1`] = `
<div>
  <div
    class="sc-gKXOVf joDErG"
    id=""
  >
    <div
      class="sc-jSMfEi dRbZhr"
    >
      <div
        class="sc-dkzDqf hsxRpz"
      >
        <h2
          class="sc-bczRLJ hGDuJC"
        >
          My grid
        </h2>
        <div
          class="sc-gsnTZi gNZDCw"
        >
          Atque doloribus nobis laudantium esse ut, non commodi maxime distinctio veritatis unde
        </div>
        <div
          class="sc-hKMtZM lkscSh"
        >
          <div
            class="sc-eCYdqJ lluHNs"
          >
            <h3
              class="sc-bczRLJ fnHBwd"
            >
              Teste 1
            </h3>
            <div
              class="sc-gsnTZi gNZDCw"
            >
              Lorem ipsum dolor sit, amet consectetur adipisicing elit. Debitis cum delectus molestias. Atque doloribus nobis laudantium esse ut, non commodi maxime distinctio veritatis unde, reprehenderit minus ad dolores provident maiores.
            </div>
          </div>
          <div
            class="sc-eCYdqJ lluHNs"
          >
            <h3
              class="sc-bczRLJ fnHBwd"
            >
              Teste 2
            </h3>
            <div
              class="sc-gsnTZi gNZDCw"
            >
              Lorem ipsum dolor sit, amet consectetur adipisicing elit. Debitis cum delectus molestias. Atque doloribus nobis laudantium esse ut, non commodi maxime distinctio veritatis unde, reprehenderit minus ad dolores provident maiores.
            </div>
          </div>
          <div
            class="sc-eCYdqJ lluHNs"
          >
            <h3
              class="sc-bczRLJ fnHBwd"
            >
              Teste 3
            </h3>
            <div
              class="sc-gsnTZi gNZDCw"
            >
              Lorem ipsum dolor sit, amet consectetur adipisicing elit. Debitis cum delectus molestias. Atque doloribus nobis laudantium esse ut, non commodi maxime distinctio veritatis unde, reprehenderit minus ad dolores provident maiores.
            </div>
          </div>
        </div>
      </div>
    </div>
  </div>
</div>
`;
